2026-10-08 19:14:18,981 - INFO - Matplotlib 字体设置：使用回退字体列表，首选可用字体: Noto Sans CJK SC
2026-10-08 19:14:21,155 - INFO - 使用指定 ChromeDriver: /usr/bin/chromedriver
2026-10-08 19:14:21,287 - INFO - ddddocr 识别器初始化成功
2026-10-08 19:14:21,459 - INFO - captcha-recognizer 滑块识别模型初始化成功
2026-10-08 19:14:21,459 - INFO - 开始南京大学电费监控流程（自动无头模式）
2026-10-08 19:14:21,459 - INFO - 已初始化并清空验证码图片目录: /home/runner/work/nju_electric_monitor/nju_electric_monitor/src/../data/captcha_workflow
2026-10-08 19:14:21,459 - INFO - 正在打开页面: https://epay.nju.edu.cn/epay/h5/nju/electric/index
2026-10-08 19:14:34,665 - INFO - 等待登录表单加载...
2026-10-08 19:14:34,673 - INFO - 登录表单已加载
2026-10-08 19:14:34,673 - INFO - 开始填写登录表单...
2026-10-08 19:14:34,747 - INFO - 用户名填写完成
2026-10-08 19:14:34,814 - INFO - 密码填写完成
2026-10-08 19:14:34,847 - INFO - 未检测到任何验证方式
2026-10-08 19:14:34,847 - INFO - 登录前验证方式检测: none
2026-10-08 19:14:34,847 - INFO - 未检测到传统验证码，点击登录按钮...
2026-10-08 19:14:34,847 - INFO - 查找并点击登录按钮...
2026-10-08 19:14:34,866 - INFO - 通过 ID=login_submit 找到登录按钮
2026-10-08 19:14:34,909 - INFO - 已点击登录按钮
2026-10-08 19:14:41,935 - INFO - 检测到滑块验证（sliderDiv）
2026-10-08 19:14:41,935 - INFO - 登录后验证方式检测: slider
2026-10-08 19:14:41,935 - INFO - 开始处理滑块验证...
2026-10-08 19:14:43,448 - INFO - 滑块验证第 1/3 轮尝试
2026-10-08 19:14:43,783 - INFO - 滑块缺口 box=[77,87,119,126], confidence=0.943, 截图=278px, DOM=278px, 缩放=1.00x, 拖拽偏移=77px
2026-10-08 19:14:43,783 - INFO - 滑块拖拽尝试 1/2 (偏移=77px)
2026-10-08 19:15:00,502 - INFO - 滑块验证通过（sliderDiv 元素不存在）
2026-10-08 19:15:00,502 - INFO - 滑块验证第 1 轮成功
2026-10-08 19:15:00,503 - INFO - 等待登录成功...
2026-10-08 19:15:00,514 - INFO - 检测到已跳转到电费页面: https://epay.nju.edu.cn/epay/h5/nju/electric/index
2026-10-08 19:15:00,514 - INFO - 查找'去充值'按钮...
2026-10-08 19:15:00,535 - INFO - 通过文本包含 '去充值' 找到充值按钮
2026-10-08 19:15:02,292 - INFO - 已点击充值按钮
2026-10-08 19:15:05,292 - INFO - 开始提取剩余电量信息...
2026-10-08 19:15:05,309 - INFO - 找到电量信息元素（已省略具体文本以保护隐私）
2026-10-08 19:15:05,309 - WARNING - 未在元素中找到标准格式的电量信息
2026-10-08 19:15:05,321 - INFO - 找到 i 标签中的电量信息（已省略具体文本）
2026-10-08 19:15:05,321 - WARNING - i标签中未找到标准格式的电量信息
2026-10-08 19:15:05,321 - WARNING - 未找到i标签中的电量信息
2026-10-08 19:15:05,324 - INFO - 在页面源码中查找电量信息...
2026-10-08 19:15:05,324 - INFO - 从页面源码中提取到剩余电量: 95.2 度
2026-10-08 19:15:05,343 - INFO - 数据已保存: 95.2 度
2026-10-08 19:15:05,618 - INFO - 电量变化曲线图已保存到: /home/runner/work/nju_electric_monitor/nju_electric_monitor/src/../data/electricity_trend.png
2026-10-08 19:15:05,860 - INFO - 最近20次电量变化曲线图已保存到: /home/runner/work/nju_electric_monitor/nju_electric_monitor/src/../data/recent_20_changes.png
2026-10-08 19:15:05,860 - INFO - 当前剩余电量 95.2 度，高于告警阈值 15.0 度，不发送邮件
2026-10-08 19:15:05,860 - INFO - 监控流程完成
